<?xml version="1.0" encoding="ISO-8859-1" ?>
<link_info>
   <banner>TMS320C2000 Linker PC v25.11.1.LTS</banner>
   <copyright>Copyright (c) 1996-2018 Texas Instruments Incorporated</copyright>
   <command_line>C:\ti\ccs2100\ccs\tools\compiler\ti-cgt-c2000_25.11.1.LTS\bin\lnk2000.exe -lC:\\Users\\ADMINI~1\\AppData\\Local\\Temp\\{11BA41EF-C60D-4AC8-8C5E-3B72EE87F3FF}</command_line>
   <link_time>0x6a4e1671</link_time>
   <link_errors>0x0</link_errors>
   <output_file>D:\DSP_28335_code\f28335-learning\03_ePWM\Example_2833xEPwmUpAQ\Debug\Example_2833xEPwmUpAQ.out</output_file>
   <entry_point>
      <name>code_start</name>
      <address>0x0</address>
   </entry_point>
   <input_file_list>
      <input_file id="fl-4">
         <path>D:\DSP_28335_code\f28335-learning\03_ePWM\Example_2833xEPwmUpAQ\Debug\.\</path>
         <kind>object</kind>
         <file>DSP2833x_ADC_cal.obj</file>
         <name>DSP2833x_ADC_cal.obj</name>
      </input_file>
      <input_file id="fl-5">
         <path>D:\DSP_28335_code\f28335-learning\03_ePWM\Example_2833xEPwmUpAQ\Debug\.\</path>
         <kind>object</kind>
         <file>DSP2833x_CodeStartBranch.obj</file>
         <name>DSP2833x_CodeStartBranch.obj</name>
      </input_file>
      <input_file id="fl-6">
         <path>D:\DSP_28335_code\f28335-learning\03_ePWM\Example_2833xEPwmUpAQ\Debug\.\</path>
         <kind>object</kind>
         <file>DSP2833x_CpuTimers.obj</file>
         <name>DSP2833x_CpuTimers.obj</name>
      </input_file>
      <input_file id="fl-7">
         <path>D:\DSP_28335_code\f28335-learning\03_ePWM\Example_2833xEPwmUpAQ\Debug\.\</path>
         <kind>object</kind>
         <file>DSP2833x_DefaultIsr.obj</file>
         <name>DSP2833x_DefaultIsr.obj</name>
      </input_file>
      <input_file id="fl-8">
         <path>D:\DSP_28335_code\f28335-learning\03_ePWM\Example_2833xEPwmUpAQ\Debug\.\</path>
         <kind>object</kind>
         <file>DSP2833x_EPwm.obj</file>
         <name>DSP2833x_EPwm.obj</name>
      </input_file>
      <input_file id="fl-9">
         <path>D:\DSP_28335_code\f28335-learning\03_ePWM\Example_2833xEPwmUpAQ\Debug\.\</path>
         <kind>object</kind>
         <file>DSP2833x_GlobalVariableDefs.obj</file>
         <name>DSP2833x_GlobalVariableDefs.obj</name>
      </input_file>
      <input_file id="fl-a">
         <path>D:\DSP_28335_code\f28335-learning\03_ePWM\Example_2833xEPwmUpAQ\Debug\.\</path>
         <kind>object</kind>
         <file>DSP2833x_PieCtrl.obj</file>
         <name>DSP2833x_PieCtrl.obj</name>
      </input_file>
      <input_file id="fl-b">
         <path>D:\DSP_28335_code\f28335-learning\03_ePWM\Example_2833xEPwmUpAQ\Debug\.\</path>
         <kind>object</kind>
         <file>DSP2833x_PieVect.obj</file>
         <name>DSP2833x_PieVect.obj</name>
      </input_file>
      <input_file id="fl-c">
         <path>D:\DSP_28335_code\f28335-learning\03_ePWM\Example_2833xEPwmUpAQ\Debug\.\</path>
         <kind>object</kind>
         <file>DSP2833x_SysCtrl.obj</file>
         <name>DSP2833x_SysCtrl.obj</name>
      </input_file>
      <input_file id="fl-d">
         <path>D:\DSP_28335_code\f28335-learning\03_ePWM\Example_2833xEPwmUpAQ\Debug\.\</path>
         <kind>object</kind>
         <file>DSP2833x_usDelay.obj</file>
         <name>DSP2833x_usDelay.obj</name>
      </input_file>
      <input_file id="fl-e">
         <path>D:\DSP_28335_code\f28335-learning\03_ePWM\Example_2833xEPwmUpAQ\Debug\.\</path>
         <kind>object</kind>
         <file>Example_2833xEPwmUpAQ.obj</file>
         <name>Example_2833xEPwmUpAQ.obj</name>
      </input_file>
      <input_file id="fl-f">
         <path>D:\DSP_28335_code\f28335-learning\03_ePWM\Example_2833xEPwmUpAQ\Debug\.\</path>
         <kind>object</kind>
         <file>epwm.obj</file>
         <name>epwm.obj</name>
      </input_file>
      <input_file id="fl-15">
         <path>D:\DSP_28335_code\f28335-learning\03_ePWM\Example_2833xEPwmUpAQ\Debug\</path>
         <kind>object</kind>
         <file>&lt;internal&gt;</file>
         <name>&lt;internal&gt;</name>
      </input_file>
      <input_file id="fl-19">
         <path>C:\ti\ccs2100\ccs\tools\compiler\ti-cgt-c2000_25.11.1.LTS\lib\</path>
         <kind>archive</kind>
         <file>rts2800_fpu32.lib</file>
         <name>boot28.asm.obj</name>
      </input_file>
      <input_file id="fl-1a">
         <path>C:\ti\ccs2100\ccs\tools\compiler\ti-cgt-c2000_25.11.1.LTS\lib\</path>
         <kind>archive</kind>
         <file>rts2800_fpu32.lib</file>
         <name>args_main.c.obj</name>
      </input_file>
      <input_file id="fl-1b">
         <path>C:\ti\ccs2100\ccs\tools\compiler\ti-cgt-c2000_25.11.1.LTS\lib\</path>
         <kind>archive</kind>
         <file>rts2800_fpu32.lib</file>
         <name>startup.c.obj</name>
      </input_file>
      <input_file id="fl-1c">
         <path>C:\ti\ccs2100\ccs\tools\compiler\ti-cgt-c2000_25.11.1.LTS\lib\</path>
         <kind>archive</kind>
         <file>rts2800_fpu32.lib</file>
         <name>pre_init.c.obj</name>
      </input_file>
      <input_file id="fl-1d">
         <path>C:\ti\ccs2100\ccs\tools\compiler\ti-cgt-c2000_25.11.1.LTS\lib\</path>
         <kind>archive</kind>
         <file>rts2800_fpu32.lib</file>
         <name>cpy_tbl.c.obj</name>
      </input_file>
      <input_file id="fl-1e">
         <path>C:\ti\ccs2100\ccs\tools\compiler\ti-cgt-c2000_25.11.1.LTS\lib\</path>
         <kind>archive</kind>
         <file>rts2800_fpu32.lib</file>
         <name>exit.c.obj</name>
      </input_file>
      <input_file id="fl-1f">
         <path>C:\ti\ccs2100\ccs\tools\compiler\ti-cgt-c2000_25.11.1.LTS\lib\</path>
         <kind>archive</kind>
         <file>rts2800_fpu32.lib</file>
         <name>_lock.c.obj</name>
      </input_file>
      <input_file id="fl-20">
         <path>C:\ti\ccs2100\ccs\tools\compiler\ti-cgt-c2000_25.11.1.LTS\lib\</path>
         <kind>archive</kind>
         <file>rts2800_fpu32.lib</file>
         <name>memcpy.c.obj</name>
      </input_file>
   </input_file_list>
   <object_component_list>
      <object_component id="oc-4c">
         <name>codestart</name>
         <load_address>0x0</load_address>
         <readonly>true</readonly>
         <executable>true</executable>
         <run_address>0x0</run_address>
         <size>0x2</size>
         <alignment>0x1</alignment>
         <input_file_ref idref="fl-5"/>
      </object_component>
      <object_component id="oc-ab">
         <name>.TI.ramfunc</name>
         <load_address>0x801a</load_address>
         <readonly>true</readonly>
         <executable>true</executable>
         <run_address>0x801a</run_address>
         <size>0x4</size>
         <alignment>0x1</alignment>
         <input_file_ref idref="fl-d"/>
      </object_component>
      <object_component id="oc-5e">
         <name>.text:retain</name>
         <load_address>0x9000</load_address>
         <readonly>true</readonly>
         <executable>true</executable>
         <run_address>0x9000</run_address>
         <size>0x316</size>
         <alignment>0x1</alignment>
         <input_file_ref idref="fl-7"/>
      </object_component>
      <object_component id="oc-e8">
         <name>.text</name>
         <load_address>0x9316</load_address>
         <readonly>true</readonly>
         <executable>true</executable>
         <run_address>0x9316</run_address>
         <size>0x159</size>
         <alignment>0x1</alignment>
         <input_file_ref idref="fl-e"/>
      </object_component>
      <object_component id="oc-ee">
         <name>.text</name>
         <load_address>0x946f</load_address>
         <readonly>true</readonly>
         <executable>true</executable>
         <run_address>0x946f</run_address>
         <size>0xf7</size>
         <alignment>0x1</alignment>
         <input_file_ref idref="fl-c"/>
      </object_component>
      <object_component id="oc-ef">
         <name>.text</name>
         <load_address>0x9566</load_address>
         <readonly>true</readonly>
         <executable>true</executable>
         <run_address>0x9566</run_address>
         <size>0xc8</size>
         <alignment>0x1</alignment>
         <input_file_ref idref="fl-8"/>
      </object_component>
      <object_component id="oc-b2">
         <name>.text:retain</name>
         <load_address>0x962e</load_address>
         <readonly>true</readonly>
         <executable>true</executable>
         <run_address>0x962e</run_address>
         <size>0xa5</size>
         <alignment>0x1</alignment>
         <input_file_ref idref="fl-e"/>
      </object_component>
      <object_component id="oc-bc">
         <name>.text</name>
         <load_address>0x96d3</load_address>
         <readonly>true</readonly>
         <executable>true</executable>
         <run_address>0x96d3</run_address>
         <size>0x56</size>
         <alignment>0x1</alignment>
         <input_file_ref idref="fl-19"/>
      </object_component>
      <object_component id="oc-f0">
         <name>.text</name>
         <load_address>0x9729</load_address>
         <readonly>true</readonly>
         <executable>true</executable>
         <run_address>0x9729</run_address>
         <size>0x2c</size>
         <alignment>0x1</alignment>
         <input_file_ref idref="fl-f"/>
      </object_component>
      <object_component id="oc-ed">
         <name>.text</name>
         <load_address>0x9755</load_address>
         <readonly>true</readonly>
         <executable>true</executable>
         <run_address>0x9755</run_address>
         <size>0x29</size>
         <alignment>0x1</alignment>
         <input_file_ref idref="fl-1e"/>
      </object_component>
      <object_component id="oc-ea">
         <name>.text</name>
         <load_address>0x977e</load_address>
         <readonly>true</readonly>
         <executable>true</executable>
         <run_address>0x977e</run_address>
         <size>0x24</size>
         <alignment>0x1</alignment>
         <input_file_ref idref="fl-1d"/>
      </object_component>
      <object_component id="oc-f1">
         <name>.text</name>
         <load_address>0x97a2</load_address>
         <readonly>true</readonly>
         <executable>true</executable>
         <run_address>0x97a2</run_address>
         <size>0x20</size>
         <alignment>0x1</alignment>
         <input_file_ref idref="fl-20"/>
      </object_component>
      <object_component id="oc-ec">
         <name>.text</name>
         <load_address>0x97c2</load_address>
         <readonly>true</readonly>
         <executable>true</executable>
         <run_address>0x97c2</run_address>
         <size>0x12</size>
         <alignment>0x1</alignment>
         <input_file_ref idref="fl-1a"/>
      </object_component>
      <object_component id="oc-f4">
         <name>.text</name>
         <load_address>0x97d4</load_address>
         <readonly>true</readonly>
         <executable>true</executable>
         <run_address>0x97d4</run_address>
         <size>0x9</size>
         <alignment>0x1</alignment>
         <input_file_ref idref="fl-1f"/>
      </object_component>
      <object_component id="oc-52">
         <name>.text</name>
         <load_address>0x97dd</load_address>
         <readonly>true</readonly>
         <executable>true</executable>
         <run_address>0x97dd</run_address>
         <size>0x8</size>
         <alignment>0x1</alignment>
         <input_file_ref idref="fl-5"/>
      </object_component>
      <object_component id="oc-e9">
         <name>.text</name>
         <load_address>0x97e5</load_address>
         <readonly>true</readonly>
         <executable>true</executable>
         <run_address>0x97e5</run_address>
         <size>0x2</size>
         <alignment>0x1</alignment>
         <input_file_ref idref="fl-1c"/>
      </object_component>
      <object_component id="oc-eb">
         <name>.text</name>
         <load_address>0x97e7</load_address>
         <readonly>true</readonly>
         <executable>true</executable>
         <run_address>0x97e7</run_address>
         <size>0x1</size>
         <alignment>0x1</alignment>
         <input_file_ref idref="fl-1b"/>
      </object_component>
      <object_component id="oc-d8">
         <name>.cinit</name>
         <load_address>0x8000</load_address>
         <readwrite>true</readwrite>
         <run_address>0x8000</run_address>
         <size>0xe</size>
         <alignment>0x1</alignment>
         <input_file_ref idref="fl-1e"/>
      </object_component>
      <object_component id="oc-f3">
         <name>.cinit:__lock</name>
         <load_address>0x800e</load_address>
         <readwrite>true</readwrite>
         <run_address>0x800e</run_address>
         <size>0x5</size>
         <alignment>0x1</alignment>
         <input_file_ref idref="fl-1f"/>
      </object_component>
      <object_component id="oc-f5">
         <name>.cinit:__unlock</name>
         <load_address>0x8013</load_address>
         <readwrite>true</readwrite>
         <run_address>0x8013</run_address>
         <size>0x5</size>
         <alignment>0x1</alignment>
         <input_file_ref idref="fl-1f"/>
      </object_component>
      <object_component id="oc-bd">
         <name>.stack</name>
         <uninitialized>true</uninitialized>
         <readwrite>true</readwrite>
         <run_address>0x400</run_address>
         <size>0x0</size>
         <alignment>0x1</alignment>
         <input_file_ref idref="fl-19"/>
      </object_component>
      <object_component id="oc-14c">
         <name>.stack</name>
         <uninitialized>true</uninitialized>
         <readwrite>true</readwrite>
         <run_address>0x400</run_address>
         <size>0x0</size>
         <alignment>0x2</alignment>
      </object_component>
      <object_component id="oc-58">
         <name>.ebss</name>
         <uninitialized>true</uninitialized>
         <readwrite>true</readwrite>
         <run_address>0xc01e</run_address>
         <size>0x18</size>
         <alignment>0x2</alignment>
         <input_file_ref idref="fl-6"/>
      </object_component>
      <object_component id="oc-b1">
         <name>.ebss</name>
         <uninitialized>true</uninitialized>
         <readwrite>true</readwrite>
         <run_address>0xc000</run_address>
         <size>0x1e</size>
         <alignment>0x2</alignment>
         <input_file_ref idref="fl-e"/>
      </object_component>
      <object_component id="oc-d9">
         <name>.ebss</name>
         <uninitialized>true</uninitialized>
         <readwrite>true</readwrite>
         <run_address>0xc036</run_address>
         <size>0x6</size>
         <alignment>0x2</alignment>
         <input_file_ref idref="fl-1e"/>
      </object_component>
      <object_component id="oc-f2">
         <name>.ebss:__lock</name>
         <uninitialized>true</uninitialized>
         <readwrite>true</readwrite>
         <run_address>0xc03c</run_address>
         <size>0x2</size>
         <alignment>0x2</alignment>
         <input_file_ref idref="fl-1f"/>
      </object_component>
      <object_component id="oc-f6">
         <name>.ebss:__unlock</name>
         <uninitialized>true</uninitialized>
         <readwrite>true</readwrite>
         <run_address>0xc03e</run_address>
         <size>0x2</size>
         <alignment>0x2</alignment>
         <input_file_ref idref="fl-1f"/>
      </object_component>
      <object_component id="oc-be">
         <name>.reset</name>
         <load_address>0x3fffc0</load_address>
         <readwrite>true</readwrite>
         <run_address>0x3fffc0</run_address>
         <size>0x2</size>
         <alignment>0x2</alignment>
         <input_file_ref idref="fl-19"/>
      </object_component>
      <object_component id="oc-4d">
         <name>.adc_cal</name>
         <load_address>0x380080</load_address>
         <readonly>true</readonly>
         <executable>true</executable>
         <run_address>0x380080</run_address>
         <size>0x7</size>
         <alignment>0x1</alignment>
         <input_file_ref idref="fl-4"/>
      </object_component>
      <object_component id="oc-9a">
         <name>PieVectTableFile</name>
         <uninitialized>true</uninitialized>
         <readwrite>true</readwrite>
         <run_address>0xd00</run_address>
         <size>0x100</size>
         <alignment>0x2</alignment>
         <input_file_ref idref="fl-9"/>
      </object_component>
      <object_component id="oc-96">
         <name>DevEmuRegsFile</name>
         <uninitialized>true</uninitialized>
         <readwrite>true</readwrite>
         <run_address>0x880</run_address>
         <size>0xd0</size>
         <alignment>0x2</alignment>
         <input_file_ref idref="fl-9"/>
      </object_component>
      <object_component id="oc-6e">
         <name>FlashRegsFile</name>
         <uninitialized>true</uninitialized>
         <readwrite>true</readwrite>
         <run_address>0xa80</run_address>
         <size>0x8</size>
         <alignment>0x1</alignment>
         <input_file_ref idref="fl-9"/>
      </object_component>
      <object_component id="oc-71">
         <name>CsmRegsFile</name>
         <uninitialized>true</uninitialized>
         <readwrite>true</readwrite>
         <run_address>0xae0</run_address>
         <size>0x10</size>
         <alignment>0x1</alignment>
         <input_file_ref idref="fl-9"/>
      </object_component>
      <object_component id="oc-70">
         <name>AdcMirrorFile</name>
         <uninitialized>true</uninitialized>
         <readwrite>true</readwrite>
         <run_address>0xb00</run_address>
         <size>0x10</size>
         <alignment>0x1</alignment>
         <input_file_ref idref="fl-9"/>
      </object_component>
      <object_component id="oc-79">
         <name>XintfRegsFile</name>
         <uninitialized>true</uninitialized>
         <readwrite>true</readwrite>
         <run_address>0xb20</run_address>
         <size>0x1e</size>
         <alignment>0x2</alignment>
         <input_file_ref idref="fl-9"/>
      </object_component>
      <object_component id="oc-6a">
         <name>CpuTimer0RegsFile</name>
         <uninitialized>true</uninitialized>
         <readwrite>true</readwrite>
         <run_address>0xc00</run_address>
         <size>0x8</size>
         <alignment>0x2</alignment>
         <input_file_ref idref="fl-9"/>
      </object_component>
      <object_component id="oc-6b">
         <name>CpuTimer1RegsFile</name>
         <uninitialized>true</uninitialized>
         <readwrite>true</readwrite>
         <run_address>0xc08</run_address>
         <size>0x8</size>
         <alignment>0x2</alignment>
         <input_file_ref idref="fl-9"/>
      </object_component>
      <object_component id="oc-6c">
         <name>CpuTimer2RegsFile</name>
         <uninitialized>true</uninitialized>
         <readwrite>true</readwrite>
         <run_address>0xc10</run_address>
         <size>0x8</size>
         <alignment>0x2</alignment>
         <input_file_ref idref="fl-9"/>
      </object_component>
      <object_component id="oc-77">
         <name>PieCtrlRegsFile</name>
         <uninitialized>true</uninitialized>
         <readwrite>true</readwrite>
         <run_address>0xce0</run_address>
         <size>0x1a</size>
         <alignment>0x1</alignment>
         <input_file_ref idref="fl-9"/>
      </object_component>
      <object_component id="oc-97">
         <name>DmaRegsFile</name>
         <uninitialized>true</uninitialized>
         <readwrite>true</readwrite>
         <run_address>0x1000</run_address>
         <size>0xe0</size>
         <alignment>0x2</alignment>
         <input_file_ref idref="fl-9"/>
      </object_component>
      <object_component id="oc-89">
         <name>McbspaRegsFile</name>
         <uninitialized>true</uninitialized>
         <readwrite>true</readwrite>
         <run_address>0x5000</run_address>
         <size>0x25</size>
         <alignment>0x1</alignment>
         <input_file_ref idref="fl-9"/>
      </object_component>
      <object_component id="oc-8a">
         <name>McbspbRegsFile</name>
         <uninitialized>true</uninitialized>
         <readwrite>true</readwrite>
         <run_address>0x5040</run_address>
         <size>0x25</size>
         <alignment>0x1</alignment>
         <input_file_ref idref="fl-9"/>
      </object_component>
      <object_component id="oc-8c">
         <name>ECanaRegsFile</name>
         <uninitialized>true</uninitialized>
         <readwrite>true</readwrite>
         <run_address>0x6000</run_address>
         <size>0x34</size>
         <alignment>0x2</alignment>
         <input_file_ref idref="fl-9"/>
      </object_component>
      <object_component id="oc-8e">
         <name>ECanaLAMRegsFile</name>
         <uninitialized>true</uninitialized>
         <readwrite>true</readwrite>
         <run_address>0x6040</run_address>
         <size>0x40</size>
         <alignment>0x2</alignment>
         <input_file_ref idref="fl-9"/>
      </object_component>
      <object_component id="oc-98">
         <name>ECanaMboxesFile</name>
         <uninitialized>true</uninitialized>
         <readwrite>true</readwrite>
         <run_address>0x6100</run_address>
         <size>0x100</size>
         <alignment>0x2</alignment>
         <input_file_ref idref="fl-9"/>
      </object_component>
      <object_component id="oc-8f">
         <name>ECanaMOTSRegsFile</name>
         <uninitialized>true</uninitialized>
         <readwrite>true</readwrite>
         <run_address>0x6080</run_address>
         <size>0x40</size>
         <alignment>0x2</alignment>
         <input_file_ref idref="fl-9"/>
      </object_component>
      <object_component id="oc-90">
         <name>ECanaMOTORegsFile</name>
         <uninitialized>true</uninitialized>
         <readwrite>true</readwrite>
         <run_address>0x60c0</run_address>
         <size>0x40</size>
         <alignment>0x2</alignment>
         <input_file_ref idref="fl-9"/>
      </object_component>
      <object_component id="oc-8d">
         <name>ECanbRegsFile</name>
         <uninitialized>true</uninitialized>
         <readwrite>true</readwrite>
         <run_address>0x6200</run_address>
         <size>0x34</size>
         <alignment>0x2</alignment>
         <input_file_ref idref="fl-9"/>
      </object_component>
      <object_component id="oc-91">
         <name>ECanbLAMRegsFile</name>
         <uninitialized>true</uninitialized>
         <readwrite>true</readwrite>
         <run_address>0x6240</run_address>
         <size>0x40</size>
         <alignment>0x2</alignment>
         <input_file_ref idref="fl-9"/>
      </object_component>
      <object_component id="oc-99">
         <name>ECanbMboxesFile</name>
         <uninitialized>true</uninitialized>
         <readwrite>true</readwrite>
         <run_address>0x6300</run_address>
         <size>0x100</size>
         <alignment>0x2</alignment>
         <input_file_ref idref="fl-9"/>
      </object_component>
      <object_component id="oc-92">
         <name>ECanbMOTSRegsFile</name>
         <uninitialized>true</uninitialized>
         <readwrite>true</readwrite>
         <run_address>0x6280</run_address>
         <size>0x40</size>
         <alignment>0x2</alignment>
         <input_file_ref idref="fl-9"/>
      </object_component>
      <object_component id="oc-93">
         <name>ECanbMOTORegsFile</name>
         <uninitialized>true</uninitialized>
         <readwrite>true</readwrite>
         <run_address>0x62c0</run_address>
         <size>0x40</size>
         <alignment>0x2</alignment>
         <input_file_ref idref="fl-9"/>
      </object_component>
      <object_component id="oc-82">
         <name>EPwm1RegsFile</name>
         <uninitialized>true</uninitialized>
         <readwrite>true</readwrite>
         <run_address>0x6800</run_address>
         <size>0x22</size>
         <alignment>0x2</alignment>
         <input_file_ref idref="fl-9"/>
      </object_component>
      <object_component id="oc-83">
         <name>EPwm2RegsFile</name>
         <uninitialized>true</uninitialized>
         <readwrite>true</readwrite>
         <run_address>0x6840</run_address>
         <size>0x22</size>
         <alignment>0x2</alignment>
         <input_file_ref idref="fl-9"/>
      </object_component>
      <object_component id="oc-84">
         <name>EPwm3RegsFile</name>
         <uninitialized>true</uninitialized>
         <readwrite>true</readwrite>
         <run_address>0x6880</run_address>
         <size>0x22</size>
         <alignment>0x2</alignment>
         <input_file_ref idref="fl-9"/>
      </object_component>
      <object_component id="oc-85">
         <name>EPwm4RegsFile</name>
         <uninitialized>true</uninitialized>
         <readwrite>true</readwrite>
         <run_address>0x68c0</run_address>
         <size>0x22</size>
         <alignment>0x2</alignment>
         <input_file_ref idref="fl-9"/>
      </object_component>
      <object_component id="oc-86">
         <name>EPwm5RegsFile</name>
         <uninitialized>true</uninitialized>
         <readwrite>true</readwrite>
         <run_address>0x6900</run_address>
         <size>0x22</size>
         <alignment>0x2</alignment>
         <input_file_ref idref="fl-9"/>
      </object_component>
      <object_component id="oc-87">
         <name>EPwm6RegsFile</name>
         <uninitialized>true</uninitialized>
         <readwrite>true</readwrite>
         <run_address>0x6940</run_address>
         <size>0x22</size>
         <alignment>0x2</alignment>
         <input_file_ref idref="fl-9"/>
      </object_component>
      <object_component id="oc-7a">
         <name>ECap1RegsFile</name>
         <uninitialized>true</uninitialized>
         <readwrite>true</readwrite>
         <run_address>0x6a00</run_address>
         <size>0x20</size>
         <alignment>0x2</alignment>
         <input_file_ref idref="fl-9"/>
      </object_component>
      <object_component id="oc-7b">
         <name>ECap2RegsFile</name>
         <uninitialized>true</uninitialized>
         <readwrite>true</readwrite>
         <run_address>0x6a20</run_address>
         <size>0x20</size>
         <alignment>0x2</alignment>
         <input_file_ref idref="fl-9"/>
      </object_component>
      <object_component id="oc-7c">
         <name>ECap3RegsFile</name>
         <uninitialized>true</uninitialized>
         <readwrite>true</readwrite>
         <run_address>0x6a40</run_address>
         <size>0x20</size>
         <alignment>0x2</alignment>
         <input_file_ref idref="fl-9"/>
      </object_component>
      <object_component id="oc-7d">
         <name>ECap4RegsFile</name>
         <uninitialized>true</uninitialized>
         <readwrite>true</readwrite>
         <run_address>0x6a60</run_address>
         <size>0x20</size>
         <alignment>0x2</alignment>
         <input_file_ref idref="fl-9"/>
      </object_component>
      <object_component id="oc-7e">
         <name>ECap5RegsFile</name>
         <uninitialized>true</uninitialized>
         <readwrite>true</readwrite>
         <run_address>0x6a80</run_address>
         <size>0x20</size>
         <alignment>0x2</alignment>
         <input_file_ref idref="fl-9"/>
      </object_component>
      <object_component id="oc-7f">
         <name>ECap6RegsFile</name>
         <uninitialized>true</uninitialized>
         <readwrite>true</readwrite>
         <run_address>0x6aa0</run_address>
         <size>0x20</size>
         <alignment>0x2</alignment>
         <input_file_ref idref="fl-9"/>
      </object_component>
      <object_component id="oc-94">
         <name>EQep1RegsFile</name>
         <uninitialized>true</uninitialized>
         <readwrite>true</readwrite>
         <run_address>0x6b00</run_address>
         <size>0x40</size>
         <alignment>0x2</alignment>
         <input_file_ref idref="fl-9"/>
      </object_component>
      <object_component id="oc-95">
         <name>EQep2RegsFile</name>
         <uninitialized>true</uninitialized>
         <readwrite>true</readwrite>
         <run_address>0x6b40</run_address>
         <size>0x40</size>
         <alignment>0x2</alignment>
         <input_file_ref idref="fl-9"/>
      </object_component>
      <object_component id="oc-8b">
         <name>GpioCtrlRegsFile</name>
         <uninitialized>true</uninitialized>
         <readwrite>true</readwrite>
         <run_address>0x6f80</run_address>
         <size>0x2e</size>
         <alignment>0x2</alignment>
         <input_file_ref idref="fl-9"/>
      </object_component>
      <object_component id="oc-80">
         <name>GpioDataRegsFile</name>
         <uninitialized>true</uninitialized>
         <readwrite>true</readwrite>
         <run_address>0x6fc0</run_address>
         <size>0x20</size>
         <alignment>0x2</alignment>
         <input_file_ref idref="fl-9"/>
      </object_component>
      <object_component id="oc-6f">
         <name>GpioIntRegsFile</name>
         <uninitialized>true</uninitialized>
         <readwrite>true</readwrite>
         <run_address>0x6fe0</run_address>
         <size>0xa</size>
         <alignment>0x2</alignment>
         <input_file_ref idref="fl-9"/>
      </object_component>
      <object_component id="oc-81">
         <name>SysCtrlRegsFile</name>
         <uninitialized>true</uninitialized>
         <readwrite>true</readwrite>
         <run_address>0x7010</run_address>
         <size>0x20</size>
         <alignment>0x1</alignment>
         <input_file_ref idref="fl-9"/>
      </object_component>
      <object_component id="oc-75">
         <name>SpiaRegsFile</name>
         <uninitialized>true</uninitialized>
         <readwrite>true</readwrite>
         <run_address>0x7040</run_address>
         <size>0x10</size>
         <alignment>0x1</alignment>
         <input_file_ref idref="fl-9"/>
      </object_component>
      <object_component id="oc-72">
         <name>SciaRegsFile</name>
         <uninitialized>true</uninitialized>
         <readwrite>true</readwrite>
         <run_address>0x7050</run_address>
         <size>0x10</size>
         <alignment>0x1</alignment>
         <input_file_ref idref="fl-9"/>
      </object_component>
      <object_component id="oc-76">
         <name>XIntruptRegsFile</name>
         <uninitialized>true</uninitialized>
         <readwrite>true</readwrite>
         <run_address>0x7070</run_address>
         <size>0x10</size>
         <alignment>0x1</alignment>
         <input_file_ref idref="fl-9"/>
      </object_component>
      <object_component id="oc-78">
         <name>AdcRegsFile</name>
         <uninitialized>true</uninitialized>
         <readwrite>true</readwrite>
         <run_address>0x7100</run_address>
         <size>0x1e</size>
         <alignment>0x1</alignment>
         <input_file_ref idref="fl-9"/>
      </object_component>
      <object_component id="oc-73">
         <name>ScibRegsFile</name>
         <uninitialized>true</uninitialized>
         <readwrite>true</readwrite>
         <run_address>0x7750</run_address>
         <size>0x10</size>
         <alignment>0x1</alignment>
         <input_file_ref idref="fl-9"/>
      </object_component>
      <object_component id="oc-74">
         <name>ScicRegsFile</name>
         <uninitialized>true</uninitialized>
         <readwrite>true</readwrite>
         <run_address>0x7770</run_address>
         <size>0x10</size>
         <alignment>0x1</alignment>
         <input_file_ref idref="fl-9"/>
      </object_component>
      <object_component id="oc-88">
         <name>I2caRegsFile</name>
         <uninitialized>true</uninitialized>
         <readwrite>true</readwrite>
         <run_address>0x7900</run_address>
         <size>0x22</size>
         <alignment>0x1</alignment>
         <input_file_ref idref="fl-9"/>
      </object_component>
      <object_component id="oc-6d">
         <name>CsmPwlFile</name>
         <uninitialized>true</uninitialized>
         <readwrite>true</readwrite>
         <run_address>0x33fff8</run_address>
         <size>0x8</size>
         <alignment>0x1</alignment>
         <input_file_ref idref="fl-9"/>
      </object_component>
      <object_component id="oc-69">
         <name>PartIdRegsFile</name>
         <uninitialized>true</uninitialized>
         <readwrite>true</readwrite>
         <run_address>0x380090</run_address>
         <size>0x1</size>
         <alignment>0x1</alignment>
         <input_file_ref idref="fl-9"/>
      </object_component>
      <object_component id="oc-4e">
         <name>.debug_line</name>
         <load_address>0x0</load_address>
         <run_address>0x0</run_address>
         <size>0x86</size>
         <alignment>0x1</alignment>
         <input_file_ref idref="fl-4"/>
      </object_component>
      <object_component id="oc-53">
         <name>.debug_line</name>
         <load_address>0x86</load_address>
         <run_address>0x86</run_address>
         <size>0xa4</size>
         <alignment>0x1</alignment>
         <input_file_ref idref="fl-5"/>
      </object_component>
      <object_component id="oc-5a">
         <name>.debug_line</name>
         <load_address>0x12a</load_address>
         <run_address>0x12a</run_address>
         <size>0x75</size>
         <alignment>0x1</alignment>
         <input_file_ref idref="fl-6"/>
      </object_component>
      <object_component id="oc-60">
         <name>.debug_line</name>
         <load_address>0x19f</load_address>
         <run_address>0x19f</run_address>
         <size>0x78f</size>
         <alignment>0x1</alignment>
         <input_file_ref idref="fl-7"/>
      </object_component>
      <object_component id="oc-65">
         <name>.debug_line</name>
         <load_address>0x92e</load_address>
         <run_address>0x92e</run_address>
         <size>0x19f</size>
         <alignment>0x1</alignment>
         <input_file_ref idref="fl-8"/>
      </object_component>
      <object_component id="oc-9e">
         <name>.debug_line</name>
         <load_address>0xacd</load_address>
         <run_address>0xacd</run_address>
         <size>0x73</size>
         <alignment>0x1</alignment>
         <input_file_ref idref="fl-a"/>
      </object_component>
      <object_component id="oc-a3">
         <name>.debug_line</name>
         <load_address>0xb40</load_address>
         <run_address>0xb40</run_address>
         <size>0x73</size>
         <alignment>0x1</alignment>
         <input_file_ref idref="fl-b"/>
      </object_component>
      <object_component id="oc-a8">
         <name>.debug_line</name>
         <load_address>0xbb3</load_address>
         <run_address>0xbb3</run_address>
         <size>0x17f</size>
         <alignment>0x1</alignment>
         <input_file_ref idref="fl-c"/>
      </object_component>
      <object_component id="oc-ac">
         <name>.debug_line</name>
         <load_address>0xd32</load_address>
         <run_address>0xd32</run_address>
         <size>0x88</size>
         <alignment>0x1</alignment>
         <input_file_ref idref="fl-d"/>
      </object_component>
      <object_component id="oc-b4">
         <name>.debug_line</name>
         <load_address>0xdba</load_address>
         <run_address>0xdba</run_address>
         <size>0x19e</size>
         <alignment>0x1</alignment>
         <input_file_ref idref="fl-e"/>
      </object_component>
      <object_component id="oc-b9">
         <name>.debug_line</name>
         <load_address>0xf58</load_address>
         <run_address>0xf58</run_address>
         <size>0x64</size>
         <alignment>0x1</alignment>
         <input_file_ref idref="fl-f"/>
      </object_component>
      <object_component id="oc-c0">
         <name>.debug_line</name>
         <load_address>0xfbc</load_address>
         <run_address>0xfbc</run_address>
         <size>0x7e</size>
         <alignment>0x1</alignment>
         <input_file_ref idref="fl-19"/>
      </object_component>
      <object_component id="oc-c5">
         <name>.debug_line</name>
         <load_address>0x103a</load_address>
         <run_address>0x103a</run_address>
         <size>0x4f</size>
         <alignment>0x1</alignment>
         <input_file_ref idref="fl-1a"/>
      </object_component>
      <object_component id="oc-ca">
         <name>.debug_line</name>
         <load_address>0x1089</load_address>
         <run_address>0x1089</run_address>
         <size>0x3a</size>
         <alignment>0x1</alignment>
         <input_file_ref idref="fl-1b"/>
      </object_component>
      <object_component id="oc-cf">
         <name>.debug_line</name>
         <load_address>0x10c3</load_address>
         <run_address>0x10c3</run_address>
         <size>0x3e</size>
         <alignment>0x1</alignment>
         <input_file_ref idref="fl-1c"/>
      </object_component>
      <object_component id="oc-d4">
         <name>.debug_line</name>
         <load_address>0x1101</load_address>
         <run_address>0x1101</run_address>
         <size>0x50</size>
         <alignment>0x1</alignment>
         <input_file_ref idref="fl-1d"/>
      </object_component>
      <object_component id="oc-db">
         <name>.debug_line</name>
         <load_address>0x1151</load_address>
         <run_address>0x1151</run_address>
         <size>0x65</size>
         <alignment>0x1</alignment>
         <input_file_ref idref="fl-1e"/>
      </object_component>
      <object_component id="oc-e0">
         <name>.debug_line</name>
         <load_address>0x11b6</load_address>
         <run_address>0x11b6</run_address>
         <size>0x5e</size>
         <alignment>0x1</alignment>
         <input_file_ref idref="fl-1f"/>
      </object_component>
      <object_component id="oc-e5">
         <name>.debug_line</name>
         <load_address>0x1214</load_address>
         <run_address>0x1214</run_address>
         <size>0x56</size>
         <alignment>0x1</alignment>
         <input_file_ref idref="fl-20"/>
      </object_component>
      <object_component id="oc-4f">
         <name>.debug_info</name>
         <load_address>0x0</load_address>
         <run_address>0x0</run_address>
         <size>0x17b</size>
         <alignment>0x1</alignment>
         <input_file_ref idref="fl-4"/>
      </object_component>
      <object_component id="oc-54">
         <name>.debug_info</name>
         <load_address>0x17b</load_address>
         <run_address>0x17b</run_address>
         <size>0x1f1</size>
         <alignment>0x1</alignment>
         <input_file_ref idref="fl-5"/>
      </object_component>
      <object_component id="oc-57">
         <name>.debug_info</name>
         <load_address>0x36c</load_address>
         <run_address>0x36c</run_address>
         <size>0x856</size>
         <alignment>0x1</alignment>
         <input_file_ref idref="fl-6"/>
      </object_component>
      <object_component id="oc-5d">
         <name>.debug_info</name>
         <load_address>0xbc2</load_address>
         <run_address>0xbc2</run_address>
         <size>0x45db</size>
         <alignment>0x1</alignment>
         <input_file_ref idref="fl-7"/>
      </object_component>
      <object_component id="oc-63">
         <name>.debug_info</name>
         <load_address>0x519d</load_address>
         <run_address>0x519d</run_address>
         <size>0x2497</size>
         <alignment>0x1</alignment>
         <input_file_ref idref="fl-8"/>
      </object_component>
      <object_component id="oc-68">
         <name>.debug_info</name>
         <load_address>0x7634</load_address>
         <run_address>0x7634</run_address>
         <size>0x13472</size>
         <alignment>0x1</alignment>
         <input_file_ref idref="fl-9"/>
      </object_component>
      <object_component id="oc-9c">
         <name>.debug_info</name>
         <load_address>0x1aaa6</load_address>
         <run_address>0x1aaa6</run_address>
         <size>0xa96</size>
         <alignment>0x1</alignment>
         <input_file_ref idref="fl-a"/>
      </object_component>
      <object_component id="oc-a1">
         <name>.debug_info</name>
         <load_address>0x1b53c</load_address>
         <run_address>0x1b53c</run_address>
         <size>0x221b</size>
         <alignment>0x1</alignment>
         <input_file_ref idref="fl-b"/>
      </object_component>
      <object_component id="oc-a6">
         <name>.debug_info</name>
         <load_address>0x1d757</load_address>
         <run_address>0x1d757</run_address>
         <size>0x2355</size>
         <alignment>0x1</alignment>
         <input_file_ref idref="fl-c"/>
      </object_component>
      <object_component id="oc-ad">
         <name>.debug_info</name>
         <load_address>0x1faac</load_address>
         <run_address>0x1faac</run_address>
         <size>0x17d</size>
         <alignment>0x1</alignment>
         <input_file_ref idref="fl-d"/>
      </object_component>
      <object_component id="oc-b0">
         <name>.debug_info</name>
         <load_address>0x1fc29</load_address>
         <run_address>0x1fc29</run_address>
         <size>0x30f0</size>
         <alignment>0x1</alignment>
         <input_file_ref idref="fl-e"/>
      </object_component>
      <object_component id="oc-b7">
         <name>.debug_info</name>
         <load_address>0x22d19</load_address>
         <run_address>0x22d19</run_address>
         <size>0x1848</size>
         <alignment>0x1</alignment>
         <input_file_ref idref="fl-f"/>
      </object_component>
      <object_component id="oc-bf">
         <name>.debug_info</name>
         <load_address>0x24561</load_address>
         <run_address>0x24561</run_address>
         <size>0x15c</size>
         <alignment>0x1</alignment>
         <input_file_ref idref="fl-19"/>
      </object_component>
      <object_component id="oc-c3">
         <name>.debug_info</name>
         <load_address>0x246bd</load_address>
         <run_address>0x246bd</run_address>
         <size>0x450</size>
         <alignment>0x1</alignment>
         <input_file_ref idref="fl-1a"/>
      </object_component>
      <object_component id="oc-c8">
         <name>.debug_info</name>
         <load_address>0x24b0d</load_address>
         <run_address>0x24b0d</run_address>
         <size>0x393</size>
         <alignment>0x1</alignment>
         <input_file_ref idref="fl-1b"/>
      </object_component>
      <object_component id="oc-cd">
         <name>.debug_info</name>
         <load_address>0x24ea0</load_address>
         <run_address>0x24ea0</run_address>
         <size>0x396</size>
         <alignment>0x1</alignment>
         <input_file_ref idref="fl-1c"/>
      </object_component>
      <object_component id="oc-d2">
         <name>.debug_info</name>
         <load_address>0x25236</load_address>
         <run_address>0x25236</run_address>
         <size>0x54a</size>
         <alignment>0x1</alignment>
         <input_file_ref idref="fl-1d"/>
      </object_component>
      <object_component id="oc-d7">
         <name>.debug_info</name>
         <load_address>0x25780</load_address>
         <run_address>0x25780</run_address>
         <size>0x52d</size>
         <alignment>0x1</alignment>
         <input_file_ref idref="fl-1e"/>
      </object_component>
      <object_component id="oc-de">
         <name>.debug_info</name>
         <load_address>0x25cad</load_address>
         <run_address>0x25cad</run_address>
         <size>0x4b5</size>
         <alignment>0x1</alignment>
         <input_file_ref idref="fl-1f"/>
      </object_component>
      <object_component id="oc-e3">
         <name>.debug_info</name>
         <load_address>0x26162</load_address>
         <run_address>0x26162</run_address>
         <size>0x423</size>
         <alignment>0x1</alignment>
         <input_file_ref idref="fl-20"/>
      </object_component>
      <object_component id="oc-14e">
         <name>.debug_info</name>
         <load_address>0x26585</load_address>
         <run_address>0x26585</run_address>
         <size>0xba</size>
         <alignment>0x1</alignment>
      </object_component>
      <object_component id="oc-50">
         <name>.debug_abbrev</name>
         <load_address>0x0</load_address>
         <run_address>0x0</run_address>
         <size>0x2f</size>
         <alignment>0x1</alignment>
         <input_file_ref idref="fl-4"/>
      </object_component>
      <object_component id="oc-55">
         <name>.debug_abbrev</name>
         <load_address>0x2f</load_address>
         <run_address>0x2f</run_address>
         <size>0x21</size>
         <alignment>0x1</alignment>
         <input_file_ref idref="fl-5"/>
      </object_component>
      <object_component id="oc-5b">
         <name>.debug_abbrev</name>
         <load_address>0x50</load_address>
         <run_address>0x50</run_address>
         <size>0xfd</size>
         <alignment>0x1</alignment>
         <input_file_ref idref="fl-6"/>
      </object_component>
      <object_component id="oc-61">
         <name>.debug_abbrev</name>
         <load_address>0x14d</load_address>
         <run_address>0x14d</run_address>
         <size>0xa8</size>
         <alignment>0x1</alignment>
         <input_file_ref idref="fl-7"/>
      </object_component>
      <object_component id="oc-66">
         <name>.debug_abbrev</name>
         <load_address>0x1f5</load_address>
         <run_address>0x1f5</run_address>
         <size>0x138</size>
         <alignment>0x1</alignment>
         <input_file_ref idref="fl-8"/>
      </object_component>
      <object_component id="oc-9b">
         <name>.debug_abbrev</name>
         <load_address>0x32d</load_address>
         <run_address>0x32d</run_address>
         <size>0xb7</size>
         <alignment>0x1</alignment>
         <input_file_ref idref="fl-9"/>
      </object_component>
      <object_component id="oc-9f">
         <name>.debug_abbrev</name>
         <load_address>0x3e4</load_address>
         <run_address>0x3e4</run_address>
         <size>0xc8</size>
         <alignment>0x1</alignment>
         <input_file_ref idref="fl-a"/>
      </object_component>
      <object_component id="oc-a4">
         <name>.debug_abbrev</name>
         <load_address>0x4ac</load_address>
         <run_address>0x4ac</run_address>
         <size>0x116</size>
         <alignment>0x1</alignment>
         <input_file_ref idref="fl-b"/>
      </object_component>
      <object_component id="oc-a9">
         <name>.debug_abbrev</name>
         <load_address>0x5c2</load_address>
         <run_address>0x5c2</run_address>
         <size>0x1a2</size>
         <alignment>0x1</alignment>
         <input_file_ref idref="fl-c"/>
      </object_component>
      <object_component id="oc-ae">
         <name>.debug_abbrev</name>
         <load_address>0x764</load_address>
         <run_address>0x764</run_address>
         <size>0x2f</size>
         <alignment>0x1</alignment>
         <input_file_ref idref="fl-d"/>
      </object_component>
      <object_component id="oc-b5">
         <name>.debug_abbrev</name>
         <load_address>0x793</load_address>
         <run_address>0x793</run_address>
         <size>0x1ae</size>
         <alignment>0x1</alignment>
         <input_file_ref idref="fl-e"/>
      </object_component>
      <object_component id="oc-ba">
         <name>.debug_abbrev</name>
         <load_address>0x941</load_address>
         <run_address>0x941</run_address>
         <size>0xc8</size>
         <alignment>0x1</alignment>
         <input_file_ref idref="fl-f"/>
      </object_component>
      <object_component id="oc-c1">
         <name>.debug_abbrev</name>
         <load_address>0xa09</load_address>
         <run_address>0xa09</run_address>
         <size>0x46</size>
         <alignment>0x1</alignment>
         <input_file_ref idref="fl-19"/>
      </object_component>
      <object_component id="oc-c6">
         <name>.debug_abbrev</name>
         <load_address>0xa4f</load_address>
         <run_address>0xa4f</run_address>
         <size>0xee</size>
         <alignment>0x1</alignment>
         <input_file_ref idref="fl-1a"/>
      </object_component>
      <object_component id="oc-cb">
         <name>.debug_abbrev</name>
         <load_address>0xb3d</load_address>
         <run_address>0xb3d</run_address>
         <size>0x66</size>
         <alignment>0x1</alignment>
         <input_file_ref idref="fl-1b"/>
      </object_component>
      <object_component id="oc-d0">
         <name>.debug_abbrev</name>
         <load_address>0xba3</load_address>
         <run_address>0xba3</run_address>
         <size>0x68</size>
         <alignment>0x1</alignment>
         <input_file_ref idref="fl-1c"/>
      </object_component>
      <object_component id="oc-d5">
         <name>.debug_abbrev</name>
         <load_address>0xc0b</load_address>
         <run_address>0xc0b</run_address>
         <size>0xe3</size>
         <alignment>0x1</alignment>
         <input_file_ref idref="fl-1d"/>
      </object_component>
      <object_component id="oc-dc">
         <name>.debug_abbrev</name>
         <load_address>0xcee</load_address>
         <run_address>0xcee</run_address>
         <size>0x130</size>
         <alignment>0x1</alignment>
         <input_file_ref idref="fl-1e"/>
      </object_component>
      <object_component id="oc-e1">
         <name>.debug_abbrev</name>
         <load_address>0xe1e</load_address>
         <run_address>0xe1e</run_address>
         <size>0xb2</size>
         <alignment>0x1</alignment>
         <input_file_ref idref="fl-1f"/>
      </object_component>
      <object_component id="oc-e6">
         <name>.debug_abbrev</name>
         <load_address>0xed0</load_address>
         <run_address>0xed0</run_address>
         <size>0xa8</size>
         <alignment>0x1</alignment>
         <input_file_ref idref="fl-20"/>
      </object_component>
      <object_component id="oc-14f">
         <name>.debug_abbrev</name>
         <load_address>0xf78</load_address>
         <run_address>0xf78</run_address>
         <size>0xf</size>
         <alignment>0x1</alignment>
      </object_component>
      <object_component id="oc-51">
         <name>.debug_aranges</name>
         <load_address>0x0</load_address>
         <run_address>0x0</run_address>
         <size>0x20</size>
         <alignment>0x1</alignment>
         <input_file_ref idref="fl-4"/>
      </object_component>
      <object_component id="oc-56">
         <name>.debug_aranges</name>
         <load_address>0x20</load_address>
         <run_address>0x20</run_address>
         <size>0x28</size>
         <alignment>0x1</alignment>
         <input_file_ref idref="fl-5"/>
      </object_component>
      <object_component id="oc-5c">
         <name>.debug_aranges</name>
         <load_address>0x48</load_address>
         <run_address>0x48</run_address>
         <size>0x18</size>
         <alignment>0x1</alignment>
         <input_file_ref idref="fl-6"/>
      </object_component>
      <object_component id="oc-62">
         <name>.debug_aranges</name>
         <load_address>0x60</load_address>
         <run_address>0x60</run_address>
         <size>0x290</size>
         <alignment>0x1</alignment>
         <input_file_ref idref="fl-7"/>
      </object_component>
      <object_component id="oc-67">
         <name>.debug_aranges</name>
         <load_address>0x2f0</load_address>
         <run_address>0x2f0</run_address>
         <size>0x68</size>
         <alignment>0x1</alignment>
         <input_file_ref idref="fl-8"/>
      </object_component>
      <object_component id="oc-a0">
         <name>.debug_aranges</name>
         <load_address>0x358</load_address>
         <run_address>0x358</run_address>
         <size>0x18</size>
         <alignment>0x1</alignment>
         <input_file_ref idref="fl-a"/>
      </object_component>
      <object_component id="oc-a5">
         <name>.debug_aranges</name>
         <load_address>0x370</load_address>
         <run_address>0x370</run_address>
         <size>0x18</size>
         <alignment>0x1</alignment>
         <input_file_ref idref="fl-b"/>
      </object_component>
      <object_component id="oc-aa">
         <name>.debug_aranges</name>
         <load_address>0x388</load_address>
         <run_address>0x388</run_address>
         <size>0x48</size>
         <alignment>0x1</alignment>
         <input_file_ref idref="fl-c"/>
      </object_component>
      <object_component id="oc-af">
         <name>.debug_aranges</name>
         <load_address>0x3d0</load_address>
         <run_address>0x3d0</run_address>
         <size>0x20</size>
         <alignment>0x1</alignment>
         <input_file_ref idref="fl-d"/>
      </object_component>
      <object_component id="oc-b6">
         <name>.debug_aranges</name>
         <load_address>0x3f0</load_address>
         <run_address>0x3f0</run_address>
         <size>0x58</size>
         <alignment>0x1</alignment>
         <input_file_ref idref="fl-e"/>
      </object_component>
      <object_component id="oc-bb">
         <name>.debug_aranges</name>
         <load_address>0x448</load_address>
         <run_address>0x448</run_address>
         <size>0x28</size>
         <alignment>0x1</alignment>
         <input_file_ref idref="fl-f"/>
      </object_component>
      <object_component id="oc-c2">
         <name>.debug_aranges</name>
         <load_address>0x470</load_address>
         <run_address>0x470</run_address>
         <size>0x20</size>
         <alignment>0x1</alignment>
         <input_file_ref idref="fl-19"/>
      </object_component>
      <object_component id="oc-c7">
         <name>.debug_aranges</name>
         <load_address>0x490</load_address>
         <run_address>0x490</run_address>
         <size>0x20</size>
         <alignment>0x1</alignment>
         <input_file_ref idref="fl-1a"/>
      </object_component>
      <object_component id="oc-cc">
         <name>.debug_aranges</name>
         <load_address>0x4b0</load_address>
         <run_address>0x4b0</run_address>
         <size>0x20</size>
         <alignment>0x1</alignment>
         <input_file_ref idref="fl-1b"/>
      </object_component>
      <object_component id="oc-d1">
         <name>.debug_aranges</name>
         <load_address>0x4d0</load_address>
         <run_address>0x4d0</run_address>
         <size>0x20</size>
         <alignment>0x1</alignment>
         <input_file_ref idref="fl-1c"/>
      </object_component>
      <object_component id="oc-d6">
         <name>.debug_aranges</name>
         <load_address>0x4f0</load_address>
         <run_address>0x4f0</run_address>
         <size>0x20</size>
         <alignment>0x1</alignment>
         <input_file_ref idref="fl-1d"/>
      </object_component>
      <object_component id="oc-dd">
         <name>.debug_aranges</name>
         <load_address>0x510</load_address>
         <run_address>0x510</run_address>
         <size>0x28</size>
         <alignment>0x1</alignment>
         <input_file_ref idref="fl-1e"/>
      </object_component>
      <object_component id="oc-e2">
         <name>.debug_aranges</name>
         <load_address>0x538</load_address>
         <run_address>0x538</run_address>
         <size>0x30</size>
         <alignment>0x1</alignment>
         <input_file_ref idref="fl-1f"/>
      </object_component>
      <object_component id="oc-e7">
         <name>.debug_aranges</name>
         <load_address>0x568</load_address>
         <run_address>0x568</run_address>
         <size>0x20</size>
         <alignment>0x1</alignment>
         <input_file_ref idref="fl-20"/>
      </object_component>
      <object_component id="oc-59">
         <name>.debug_frame</name>
         <load_address>0x0</load_address>
         <run_address>0x0</run_address>
         <size>0x28</size>
         <alignment>0x4</alignment>
         <input_file_ref idref="fl-6"/>
      </object_component>
      <object_component id="oc-5f">
         <name>.debug_frame</name>
         <load_address>0x28</load_address>
         <run_address>0x28</run_address>
         <size>0xa08</size>
         <alignment>0x4</alignment>
         <input_file_ref idref="fl-7"/>
      </object_component>
      <object_component id="oc-64">
         <name>.debug_frame</name>
         <load_address>0xa30</load_address>
         <run_address>0xa30</run_address>
         <size>0x118</size>
         <alignment>0x4</alignment>
         <input_file_ref idref="fl-8"/>
      </object_component>
      <object_component id="oc-9d">
         <name>.debug_frame</name>
         <load_address>0xb48</load_address>
         <run_address>0xb48</run_address>
         <size>0x28</size>
         <alignment>0x4</alignment>
         <input_file_ref idref="fl-a"/>
      </object_component>
      <object_component id="oc-a2">
         <name>.debug_frame</name>
         <load_address>0xb70</load_address>
         <run_address>0xb70</run_address>
         <size>0x28</size>
         <alignment>0x4</alignment>
         <input_file_ref idref="fl-b"/>
      </object_component>
      <object_component id="oc-a7">
         <name>.debug_frame</name>
         <load_address>0xb98</load_address>
         <run_address>0xb98</run_address>
         <size>0xc0</size>
         <alignment>0x4</alignment>
         <input_file_ref idref="fl-c"/>
      </object_component>
      <object_component id="oc-b3">
         <name>.debug_frame</name>
         <load_address>0xc58</load_address>
         <run_address>0xc58</run_address>
         <size>0x230</size>
         <alignment>0x4</alignment>
         <input_file_ref idref="fl-e"/>
      </object_component>
      <object_component id="oc-b8">
         <name>.debug_frame</name>
         <load_address>0xe88</load_address>
         <run_address>0xe88</run_address>
         <size>0x58</size>
         <alignment>0x4</alignment>
         <input_file_ref idref="fl-f"/>
      </object_component>
      <object_component id="oc-c4">
         <name>.debug_frame</name>
         <load_address>0xee0</load_address>
         <run_address>0xee0</run_address>
         <size>0x40</size>
         <alignment>0x4</alignment>
         <input_file_ref idref="fl-1a"/>
      </object_component>
      <object_component id="oc-c9">
         <name>.debug_frame</name>
         <load_address>0xf20</load_address>
         <run_address>0xf20</run_address>
         <size>0x40</size>
         <alignment>0x4</alignment>
         <input_file_ref idref="fl-1b"/>
      </object_component>
      <object_component id="oc-ce">
         <name>.debug_frame</name>
         <load_address>0xf60</load_address>
         <run_address>0xf60</run_address>
         <size>0x40</size>
         <alignment>0x4</alignment>
         <input_file_ref idref="fl-1c"/>
      </object_component>
      <object_component id="oc-d3">
         <name>.debug_frame</name>
         <load_address>0xfa0</load_address>
         <run_address>0xfa0</run_address>
         <size>0x60</size>
         <alignment>0x4</alignment>
         <input_file_ref idref="fl-1d"/>
      </object_component>
      <object_component id="oc-da">
         <name>.debug_frame</name>
         <load_address>0x1000</load_address>
         <run_address>0x1000</run_address>
         <size>0x60</size>
         <alignment>0x4</alignment>
         <input_file_ref idref="fl-1e"/>
      </object_component>
      <object_component id="oc-df">
         <name>.debug_frame</name>
         <load_address>0x1060</load_address>
         <run_address>0x1060</run_address>
         <size>0x70</size>
         <alignment>0x4</alignment>
         <input_file_ref idref="fl-1f"/>
      </object_component>
      <object_component id="oc-e4">
         <name>.debug_frame</name>
         <load_address>0x10d0</load_address>
         <run_address>0x10d0</run_address>
         <size>0x40</size>
         <alignment>0x4</alignment>
         <input_file_ref idref="fl-20"/>
      </object_component>
   </object_component_list>
   <logical_group_list>
      <logical_group id="lg-2" display="no" color="cyan">
         <name>codestart</name>
         <load_address>0x0</load_address>
         <run_address>0x0</run_address>
         <size>0x2</size>
         <contents>
            <object_component_ref idref="oc-4c"/>
         </contents>
      </logical_group>
      <logical_group id="lg-3" display="no" color="cyan">
         <name>.TI.ramfunc</name>
         <load_address>0x801a</load_address>
         <run_address>0x801a</run_address>
         <size>0x4</size>
         <contents>
            <object_component_ref idref="oc-ab"/>
         </contents>
      </logical_group>
      <logical_group id="lg-14d" display="no" color="cyan">
         <name>.text</name>
         <load_address>0x9000</load_address>
         <run_address>0x9000</run_address>
         <size>0x7e8</size>
         <contents>
            <object_component_ref idref="oc-5e"/>
            <object_component_ref idref="oc-e8"/>
            <object_component_ref idref="oc-ee"/>
            <object_component_ref idref="oc-ef"/>
            <object_component_ref idref="oc-b2"/>
            <object_component_ref idref="oc-bc"/>
            <object_component_ref idref="oc-f0"/>
            <object_component_ref idref="oc-ed"/>
            <object_component_ref idref="oc-ea"/>
            <object_component_ref idref="oc-f1"/>
            <object_component_ref idref="oc-ec"/>
            <object_component_ref idref="oc-f4"/>
            <object_component_ref idref="oc-52"/>
            <object_component_ref idref="oc-e9"/>
            <object_component_ref idref="oc-eb"/>
         </contents>
      </logical_group>
      <split_section id="lg-4" display="no" color="cyan">
         <name>.text</name>
         <contents>
            <logical_group_ref idref="lg-14d"/>
         </contents>
      </split_section>
      <logical_group id="lg-5" display="no" color="cyan">
         <name>.InitBoot</name>
         <run_address>0x0</run_address>
         <size>0x0</size>
         <contents>
         </contents>
      </logical_group>
      <logical_group id="lg-6" display="no" color="cyan">
         <name>.cinit</name>
         <load_address>0x8000</load_address>
         <run_address>0x8000</run_address>
         <size>0x1a</size>
         <contents>
            <object_component_ref idref="oc-d8"/>
            <object_component_ref idref="oc-f3"/>
            <object_component_ref idref="oc-f5"/>
         </contents>
      </logical_group>
      <logical_group id="lg-7" display="no" color="cyan">
         <name>.pinit</name>
         <run_address>0x0</run_address>
         <size>0x0</size>
         <contents>
         </contents>
      </logical_group>
      <logical_group id="lg-8" display="no" color="cyan">
         <name>.switch</name>
         <run_address>0x0</run_address>
         <size>0x0</size>
         <contents>
         </contents>
      </logical_group>
      <logical_group id="lg-9" display="no" color="cyan">
         <name>.stack</name>
         <run_address>0x400</run_address>
         <size>0x380</size>
         <contents>
            <object_component_ref idref="oc-bd"/>
            <object_component_ref idref="oc-14c"/>
         </contents>
      </logical_group>
      <logical_group id="lg-a" display="no" color="cyan">
         <name>.ebss</name>
         <run_address>0xc000</run_address>
         <size>0x40</size>
         <contents>
            <object_component_ref idref="oc-58"/>
            <object_component_ref idref="oc-b1"/>
            <object_component_ref idref="oc-d9"/>
            <object_component_ref idref="oc-f2"/>
            <object_component_ref idref="oc-f6"/>
         </contents>
      </logical_group>
      <logical_group id="lg-b" display="no" color="cyan">
         <name>.econst</name>
         <run_address>0x0</run_address>
         <size>0x0</size>
         <contents>
         </contents>
      </logical_group>
      <logical_group id="lg-c" display="no" color="cyan">
         <name>.esysmem</name>
         <run_address>0x0</run_address>
         <size>0x0</size>
         <contents>
         </contents>
      </logical_group>
      <logical_group id="lg-d" display="no" color="cyan">
         <name>IQmath</name>
         <run_address>0x0</run_address>
         <size>0x0</size>
         <contents>
         </contents>
      </logical_group>
      <logical_group id="lg-e" display="no" color="cyan">
         <name>IQmathTables</name>
         <run_address>0x0</run_address>
         <size>0x0</size>
         <contents>
         </contents>
      </logical_group>
      <logical_group id="lg-f" display="no" color="cyan">
         <name>FPUmathTables</name>
         <run_address>0x0</run_address>
         <size>0x0</size>
         <contents>
         </contents>
      </logical_group>
      <logical_group id="lg-10" display="no" color="cyan">
         <name>DMARAML4</name>
         <run_address>0x0</run_address>
         <size>0x0</size>
         <contents>
         </contents>
      </logical_group>
      <logical_group id="lg-11" display="no" color="cyan">
         <name>DMARAML5</name>
         <run_address>0x0</run_address>
         <size>0x0</size>
         <contents>
         </contents>
      </logical_group>
      <logical_group id="lg-12" display="no" color="cyan">
         <name>DMARAML6</name>
         <run_address>0x0</run_address>
         <size>0x0</size>
         <contents>
         </contents>
      </logical_group>
      <logical_group id="lg-13" display="no" color="cyan">
         <name>DMARAML7</name>
         <run_address>0x0</run_address>
         <size>0x0</size>
         <contents>
         </contents>
      </logical_group>
      <logical_group id="lg-14" display="no" color="cyan">
         <name>ZONE7DATA</name>
         <run_address>0x0</run_address>
         <size>0x0</size>
         <contents>
         </contents>
      </logical_group>
      <logical_group id="lg-15" display="no" color="cyan">
         <name>.reset</name>
         <load_address>0x3fffc0</load_address>
         <run_address>0x3fffc0</run_address>
         <size>0x2</size>
         <contents>
            <object_component_ref idref="oc-be"/>
         </contents>
      </logical_group>
      <logical_group id="lg-16" display="no" color="cyan">
         <name>csm_rsvd</name>
         <run_address>0x33ff80</run_address>
         <size>0x0</size>
         <contents>
         </contents>
      </logical_group>
      <logical_group id="lg-17" display="no" color="cyan">
         <name>csmpasswds</name>
         <run_address>0x33fff8</run_address>
         <size>0x0</size>
         <contents>
         </contents>
      </logical_group>
      <logical_group id="lg-18" display="no" color="cyan">
         <name>.adc_cal</name>
         <load_address>0x380080</load_address>
         <run_address>0x380080</run_address>
         <size>0x7</size>
         <contents>
            <object_component_ref idref="oc-4d"/>
         </contents>
      </logical_group>
      <logical_group id="lg-19" display="no" color="cyan">
         <name>PieVectTableFile</name>
         <run_address>0xd00</run_address>
         <size>0x100</size>
         <contents>
            <object_component_ref idref="oc-9a"/>
         </contents>
      </logical_group>
      <logical_group id="lg-1a" display="no" color="cyan">
         <name>DevEmuRegsFile</name>
         <run_address>0x880</run_address>
         <size>0xd0</size>
         <contents>
            <object_component_ref idref="oc-96"/>
         </contents>
      </logical_group>
      <logical_group id="lg-1b" display="no" color="cyan">
         <name>FlashRegsFile</name>
         <run_address>0xa80</run_address>
         <size>0x8</size>
         <contents>
            <object_component_ref idref="oc-6e"/>
         </contents>
      </logical_group>
      <logical_group id="lg-1c" display="no" color="cyan">
         <name>CsmRegsFile</name>
         <run_address>0xae0</run_address>
         <size>0x10</size>
         <contents>
            <object_component_ref idref="oc-71"/>
         </contents>
      </logical_group>
      <logical_group id="lg-1d" display="no" color="cyan">
         <name>AdcMirrorFile</name>
         <run_address>0xb00</run_address>
         <size>0x10</size>
         <contents>
            <object_component_ref idref="oc-70"/>
         </contents>
      </logical_group>
      <logical_group id="lg-1e" display="no" color="cyan">
         <name>XintfRegsFile</name>
         <run_address>0xb20</run_address>
         <size>0x1e</size>
         <contents>
            <object_component_ref idref="oc-79"/>
         </contents>
      </logical_group>
      <logical_group id="lg-1f" display="no" color="cyan">
         <name>CpuTimer0RegsFile</name>
         <run_address>0xc00</run_address>
         <size>0x8</size>
         <contents>
            <object_component_ref idref="oc-6a"/>
         </contents>
      </logical_group>
      <logical_group id="lg-20" display="no" color="cyan">
         <name>CpuTimer1RegsFile</name>
         <run_address>0xc08</run_address>
         <size>0x8</size>
         <contents>
            <object_component_ref idref="oc-6b"/>
         </contents>
      </logical_group>
      <logical_group id="lg-21" display="no" color="cyan">
         <name>CpuTimer2RegsFile</name>
         <run_address>0xc10</run_address>
         <size>0x8</size>
         <contents>
            <object_component_ref idref="oc-6c"/>
         </contents>
      </logical_group>
      <logical_group id="lg-22" display="no" color="cyan">
         <name>PieCtrlRegsFile</name>
         <run_address>0xce0</run_address>
         <size>0x1a</size>
         <contents>
            <object_component_ref idref="oc-77"/>
         </contents>
      </logical_group>
      <logical_group id="lg-23" display="no" color="cyan">
         <name>DmaRegsFile</name>
         <run_address>0x1000</run_address>
         <size>0xe0</size>
         <contents>
            <object_component_ref idref="oc-97"/>
         </contents>
      </logical_group>
      <logical_group id="lg-24" display="no" color="cyan">
         <name>McbspaRegsFile</name>
         <run_address>0x5000</run_address>
         <size>0x25</size>
         <contents>
            <object_component_ref idref="oc-89"/>
         </contents>
      </logical_group>
      <logical_group id="lg-25" display="no" color="cyan">
         <name>McbspbRegsFile</name>
         <run_address>0x5040</run_address>
         <size>0x25</size>
         <contents>
            <object_component_ref idref="oc-8a"/>
         </contents>
      </logical_group>
      <logical_group id="lg-26" display="no" color="cyan">
         <name>ECanaRegsFile</name>
         <run_address>0x6000</run_address>
         <size>0x34</size>
         <contents>
            <object_component_ref idref="oc-8c"/>
         </contents>
      </logical_group>
      <logical_group id="lg-27" display="no" color="cyan">
         <name>ECanaLAMRegsFile</name>
         <run_address>0x6040</run_address>
         <size>0x40</size>
         <contents>
            <object_component_ref idref="oc-8e"/>
         </contents>
      </logical_group>
      <logical_group id="lg-28" display="no" color="cyan">
         <name>ECanaMboxesFile</name>
         <run_address>0x6100</run_address>
         <size>0x100</size>
         <contents>
            <object_component_ref idref="oc-98"/>
         </contents>
      </logical_group>
      <logical_group id="lg-29" display="no" color="cyan">
         <name>ECanaMOTSRegsFile</name>
         <run_address>0x6080</run_address>
         <size>0x40</size>
         <contents>
            <object_component_ref idref="oc-8f"/>
         </contents>
      </logical_group>
      <logical_group id="lg-2a" display="no" color="cyan">
         <name>ECanaMOTORegsFile</name>
         <run_address>0x60c0</run_address>
         <size>0x40</size>
         <contents>
            <object_component_ref idref="oc-90"/>
         </contents>
      </logical_group>
      <logical_group id="lg-2b" display="no" color="cyan">
         <name>ECanbRegsFile</name>
         <run_address>0x6200</run_address>
         <size>0x34</size>
         <contents>
            <object_component_ref idref="oc-8d"/>
         </contents>
      </logical_group>
      <logical_group id="lg-2c" display="no" color="cyan">
         <name>ECanbLAMRegsFile</name>
         <run_address>0x6240</run_address>
         <size>0x40</size>
         <contents>
            <object_component_ref idref="oc-91"/>
         </contents>
      </logical_group>
      <logical_group id="lg-2d" display="no" color="cyan">
         <name>ECanbMboxesFile</name>
         <run_address>0x6300</run_address>
         <size>0x100</size>
         <contents>
            <object_component_ref idref="oc-99"/>
         </contents>
      </logical_group>
      <logical_group id="lg-2e" display="no" color="cyan">
         <name>ECanbMOTSRegsFile</name>
         <run_address>0x6280</run_address>
         <size>0x40</size>
         <contents>
            <object_component_ref idref="oc-92"/>
         </contents>
      </logical_group>
      <logical_group id="lg-2f" display="no" color="cyan">
         <name>ECanbMOTORegsFile</name>
         <run_address>0x62c0</run_address>
         <size>0x40</size>
         <contents>
            <object_component_ref idref="oc-93"/>
         </contents>
      </logical_group>
      <logical_group id="lg-30" display="no" color="cyan">
         <name>EPwm1RegsFile</name>
         <run_address>0x6800</run_address>
         <size>0x22</size>
         <contents>
            <object_component_ref idref="oc-82"/>
         </contents>
      </logical_group>
      <logical_group id="lg-31" display="no" color="cyan">
         <name>EPwm2RegsFile</name>
         <run_address>0x6840</run_address>
         <size>0x22</size>
         <contents>
            <object_component_ref idref="oc-83"/>
         </contents>
      </logical_group>
      <logical_group id="lg-32" display="no" color="cyan">
         <name>EPwm3RegsFile</name>
         <run_address>0x6880</run_address>
         <size>0x22</size>
         <contents>
            <object_component_ref idref="oc-84"/>
         </contents>
      </logical_group>
      <logical_group id="lg-33" display="no" color="cyan">
         <name>EPwm4RegsFile</name>
         <run_address>0x68c0</run_address>
         <size>0x22</size>
         <contents>
            <object_component_ref idref="oc-85"/>
         </contents>
      </logical_group>
      <logical_group id="lg-34" display="no" color="cyan">
         <name>EPwm5RegsFile</name>
         <run_address>0x6900</run_address>
         <size>0x22</size>
         <contents>
            <object_component_ref idref="oc-86"/>
         </contents>
      </logical_group>
      <logical_group id="lg-35" display="no" color="cyan">
         <name>EPwm6RegsFile</name>
         <run_address>0x6940</run_address>
         <size>0x22</size>
         <contents>
            <object_component_ref idref="oc-87"/>
         </contents>
      </logical_group>
      <logical_group id="lg-36" display="no" color="cyan">
         <name>ECap1RegsFile</name>
         <run_address>0x6a00</run_address>
         <size>0x20</size>
         <contents>
            <object_component_ref idref="oc-7a"/>
         </contents>
      </logical_group>
      <logical_group id="lg-37" display="no" color="cyan">
         <name>ECap2RegsFile</name>
         <run_address>0x6a20</run_address>
         <size>0x20</size>
         <contents>
            <object_component_ref idref="oc-7b"/>
         </contents>
      </logical_group>
      <logical_group id="lg-38" display="no" color="cyan">
         <name>ECap3RegsFile</name>
         <run_address>0x6a40</run_address>
         <size>0x20</size>
         <contents>
            <object_component_ref idref="oc-7c"/>
         </contents>
      </logical_group>
      <logical_group id="lg-39" display="no" color="cyan">
         <name>ECap4RegsFile</name>
         <run_address>0x6a60</run_address>
         <size>0x20</size>
         <contents>
            <object_component_ref idref="oc-7d"/>
         </contents>
      </logical_group>
      <logical_group id="lg-3a" display="no" color="cyan">
         <name>ECap5RegsFile</name>
         <run_address>0x6a80</run_address>
         <size>0x20</size>
         <contents>
            <object_component_ref idref="oc-7e"/>
         </contents>
      </logical_group>
      <logical_group id="lg-3b" display="no" color="cyan">
         <name>ECap6RegsFile</name>
         <run_address>0x6aa0</run_address>
         <size>0x20</size>
         <contents>
            <object_component_ref idref="oc-7f"/>
         </contents>
      </logical_group>
      <logical_group id="lg-3c" display="no" color="cyan">
         <name>EQep1RegsFile</name>
         <run_address>0x6b00</run_address>
         <size>0x40</size>
         <contents>
            <object_component_ref idref="oc-94"/>
         </contents>
      </logical_group>
      <logical_group id="lg-3d" display="no" color="cyan">
         <name>EQep2RegsFile</name>
         <run_address>0x6b40</run_address>
         <size>0x40</size>
         <contents>
            <object_component_ref idref="oc-95"/>
         </contents>
      </logical_group>
      <logical_group id="lg-3e" display="no" color="cyan">
         <name>GpioCtrlRegsFile</name>
         <run_address>0x6f80</run_address>
         <size>0x2e</size>
         <contents>
            <object_component_ref idref="oc-8b"/>
         </contents>
      </logical_group>
      <logical_group id="lg-3f" display="no" color="cyan">
         <name>GpioDataRegsFile</name>
         <run_address>0x6fc0</run_address>
         <size>0x20</size>
         <contents>
            <object_component_ref idref="oc-80"/>
         </contents>
      </logical_group>
      <logical_group id="lg-40" display="no" color="cyan">
         <name>GpioIntRegsFile</name>
         <run_address>0x6fe0</run_address>
         <size>0xa</size>
         <contents>
            <object_component_ref idref="oc-6f"/>
         </contents>
      </logical_group>
      <logical_group id="lg-41" display="no" color="cyan">
         <name>SysCtrlRegsFile</name>
         <run_address>0x7010</run_address>
         <size>0x20</size>
         <contents>
            <object_component_ref idref="oc-81"/>
         </contents>
      </logical_group>
      <logical_group id="lg-42" display="no" color="cyan">
         <name>SpiaRegsFile</name>
         <run_address>0x7040</run_address>
         <size>0x10</size>
         <contents>
            <object_component_ref idref="oc-75"/>
         </contents>
      </logical_group>
      <logical_group id="lg-43" display="no" color="cyan">
         <name>SciaRegsFile</name>
         <run_address>0x7050</run_address>
         <size>0x10</size>
         <contents>
            <object_component_ref idref="oc-72"/>
         </contents>
      </logical_group>
      <logical_group id="lg-44" display="no" color="cyan">
         <name>XIntruptRegsFile</name>
         <run_address>0x7070</run_address>
         <size>0x10</size>
         <contents>
            <object_component_ref idref="oc-76"/>
         </contents>
      </logical_group>
      <logical_group id="lg-45" display="no" color="cyan">
         <name>AdcRegsFile</name>
         <run_address>0x7100</run_address>
         <size>0x1e</size>
         <contents>
            <object_component_ref idref="oc-78"/>
         </contents>
      </logical_group>
      <logical_group id="lg-46" display="no" color="cyan">
         <name>ScibRegsFile</name>
         <run_address>0x7750</run_address>
         <size>0x10</size>
         <contents>
            <object_component_ref idref="oc-73"/>
         </contents>
      </logical_group>
      <logical_group id="lg-47" display="no" color="cyan">
         <name>ScicRegsFile</name>
         <run_address>0x7770</run_address>
         <size>0x10</size>
         <contents>
            <object_component_ref idref="oc-74"/>
         </contents>
      </logical_group>
      <logical_group id="lg-48" display="no" color="cyan">
         <name>I2caRegsFile</name>
         <run_address>0x7900</run_address>
         <size>0x22</size>
         <contents>
            <object_component_ref idref="oc-88"/>
[...]
         <name>_SCITXINTB_ISR</name>
         <value>0x928a</value>
         <object_component_ref idref="oc-5e"/>
      </symbol>
      <symbol id="sm-194">
         <name>_SCIRXINTB_ISR</name>
         <value>0x9280</value>
         <object_component_ref idref="oc-5e"/>
      </symbol>
      <symbol id="sm-196">
         <name>_ECAN1INTA_ISR</name>
         <value>0x929e</value>
         <object_component_ref idref="oc-5e"/>
      </symbol>
      <symbol id="sm-198">
         <name>_ECAP2_INT_ISR</name>
         <value>0x9186</value>
         <object_component_ref idref="oc-5e"/>
      </symbol>
      <symbol id="sm-19a">
         <name>_PIE_RESERVED</name>
         <value>0x9302</value>
         <object_component_ref idref="oc-5e"/>
      </symbol>
      <symbol id="sm-19c">
         <name>_I2CINT1A_ISR</name>
         <value>0x9244</value>
         <object_component_ref idref="oc-5e"/>
      </symbol>
      <symbol id="sm-19e">
         <name>_XINT2_ISR</name>
         <value>0x90dc</value>
         <object_component_ref idref="oc-5e"/>
      </symbol>
      <symbol id="sm-1a0">
         <name>_I2CINT2A_ISR</name>
         <value>0x924e</value>
         <object_component_ref idref="oc-5e"/>
      </symbol>
      <symbol id="sm-1a2">
         <name>_SCITXINTC_ISR</name>
         <value>0x9262</value>
         <object_component_ref idref="oc-5e"/>
      </symbol>
      <symbol id="sm-1a4">
         <name>_SCIRXINTC_ISR</name>
         <value>0x9258</value>
         <object_component_ref idref="oc-5e"/>
      </symbol>
      <symbol id="sm-1a6">
         <name>_RTOSINT_ISR</name>
         <value>0x901e</value>
         <object_component_ref idref="oc-5e"/>
      </symbol>
      <symbol id="sm-1a8">
         <name>_EPWM3_INT_ISR</name>
         <value>0x9154</value>
         <object_component_ref idref="oc-5e"/>
      </symbol>
      <symbol id="sm-1aa">
         <name>_ECAN1INTB_ISR</name>
         <value>0x92b2</value>
         <object_component_ref idref="oc-5e"/>
      </symbol>
      <symbol id="sm-1ac">
         <name>_USER9_ISR</name>
         <value>0x9096</value>
         <object_component_ref idref="oc-5e"/>
      </symbol>
      <symbol id="sm-1ae">
         <name>_USER3_ISR</name>
         <value>0x905a</value>
         <object_component_ref idref="oc-5e"/>
      </symbol>
      <symbol id="sm-1b0">
         <name>_EQEP1_INT_ISR</name>
         <value>0x91b8</value>
         <object_component_ref idref="oc-5e"/>
      </symbol>
      <symbol id="sm-1b2">
         <name>_MRINTB_ISR</name>
         <value>0x91e0</value>
         <object_component_ref idref="oc-5e"/>
      </symbol>
      <symbol id="sm-1b4">
         <name>_DINTCH1_ISR</name>
         <value>0x9208</value>
         <object_component_ref idref="oc-5e"/>
      </symbol>
      <symbol id="sm-1b6">
         <name>_USER8_ISR</name>
         <value>0x908c</value>
         <object_component_ref idref="oc-5e"/>
      </symbol>
      <symbol id="sm-1b8">
         <name>_EPWM1_INT_ISR</name>
         <value>0x9140</value>
         <object_component_ref idref="oc-5e"/>
      </symbol>
      <symbol id="sm-1ba">
         <name>_SEQ2INT_ISR</name>
         <value>0x90c8</value>
         <object_component_ref idref="oc-5e"/>
      </symbol>
      <symbol id="sm-1bc">
         <name>_USER2_ISR</name>
         <value>0x9050</value>
         <object_component_ref idref="oc-5e"/>
      </symbol>
      <symbol id="sm-1be">
         <name>_LUF_ISR</name>
         <value>0x92f8</value>
         <object_component_ref idref="oc-5e"/>
      </symbol>
      <symbol id="sm-1c0">
         <name>_LVF_ISR</name>
         <value>0x92ee</value>
         <object_component_ref idref="oc-5e"/>
      </symbol>
      <symbol id="sm-1c2">
         <name>_SCITXINTA_ISR</name>
         <value>0x9276</value>
         <object_component_ref idref="oc-5e"/>
      </symbol>
      <symbol id="sm-1c4">
         <name>_SCIRXINTA_ISR</name>
         <value>0x926c</value>
         <object_component_ref idref="oc-5e"/>
      </symbol>
      <symbol id="sm-1c6">
         <name>_rsvd_ISR</name>
         <value>0x930c</value>
         <object_component_ref idref="oc-5e"/>
      </symbol>
      <symbol id="sm-1c8">
         <name>_ECAP5_INT_ISR</name>
         <value>0x91a4</value>
         <object_component_ref idref="oc-5e"/>
      </symbol>
      <symbol id="sm-1ca">
         <name>_DINTCH2_ISR</name>
         <value>0x9212</value>
         <object_component_ref idref="oc-5e"/>
      </symbol>
      <symbol id="sm-1cc">
         <name>_XINT5_ISR</name>
         <value>0x92d0</value>
         <object_component_ref idref="oc-5e"/>
      </symbol>
      <symbol id="sm-1d9">
         <name>_InitEPwm3Gpio</name>
         <value>0x9598</value>
         <object_component_ref idref="oc-ef"/>
      </symbol>
      <symbol id="sm-1db">
         <name>_InitTzGpio</name>
         <value>0x95f8</value>
         <object_component_ref idref="oc-ef"/>
      </symbol>
      <symbol id="sm-1dd">
         <name>_InitEPwm2Gpio</name>
         <value>0x9586</value>
         <object_component_ref idref="oc-ef"/>
      </symbol>
      <symbol id="sm-1df">
         <name>_InitEPwm1Gpio</name>
         <value>0x9574</value>
         <object_component_ref idref="oc-ef"/>
      </symbol>
      <symbol id="sm-1e1">
         <name>_InitEPwm6Gpio</name>
         <value>0x95d2</value>
         <object_component_ref idref="oc-ef"/>
      </symbol>
      <symbol id="sm-1e3">
         <name>_InitEPwmGpio</name>
         <value>0x9567</value>
         <object_component_ref idref="oc-ef"/>
      </symbol>
      <symbol id="sm-1e5">
         <name>_InitEPwm5Gpio</name>
         <value>0x95c0</value>
         <object_component_ref idref="oc-ef"/>
      </symbol>
      <symbol id="sm-1e7">
         <name>_InitEPwm4Gpio</name>
         <value>0x95ac</value>
         <object_component_ref idref="oc-ef"/>
      </symbol>
      <symbol id="sm-1e9">
         <name>_InitEPwmSyncGpio</name>
         <value>0x95e4</value>
         <object_component_ref idref="oc-ef"/>
      </symbol>
      <symbol id="sm-1eb">
         <name>_InitEPwm</name>
         <value>0x9566</value>
         <object_component_ref idref="oc-ef"/>
      </symbol>
      <symbol id="sm-256">
         <name>_GpioCtrlRegs</name>
         <value>0x6f80</value>
         <object_component_ref idref="oc-8b"/>
      </symbol>
      <symbol id="sm-257">
         <name>_PieVectTable</name>
         <value>0xd00</value>
         <object_component_ref idref="oc-9a"/>
      </symbol>
      <symbol id="sm-258">
         <name>_ECap4Regs</name>
         <value>0x6a60</value>
         <object_component_ref idref="oc-7d"/>
      </symbol>
      <symbol id="sm-259">
         <name>_CsmRegs</name>
         <value>0xae0</value>
         <object_component_ref idref="oc-71"/>
      </symbol>
      <symbol id="sm-25a">
         <name>_ECanaLAMRegs</name>
         <value>0x6040</value>
         <object_component_ref idref="oc-8e"/>
      </symbol>
      <symbol id="sm-25b">
         <name>_ECanbMOTORegs</name>
         <value>0x62c0</value>
         <object_component_ref idref="oc-93"/>
      </symbol>
      <symbol id="sm-25c">
         <name>_EPwm4Regs</name>
         <value>0x68c0</value>
         <object_component_ref idref="oc-85"/>
      </symbol>
      <symbol id="sm-25d">
         <name>_ECap5Regs</name>
         <value>0x6a80</value>
         <object_component_ref idref="oc-7e"/>
      </symbol>
      <symbol id="sm-25e">
         <name>_CpuTimer1Regs</name>
         <value>0xc08</value>
         <object_component_ref idref="oc-6b"/>
      </symbol>
      <symbol id="sm-25f">
         <name>_SysCtrlRegs</name>
         <value>0x7010</value>
         <object_component_ref idref="oc-81"/>
      </symbol>
      <symbol id="sm-260">
         <name>_EPwm5Regs</name>
         <value>0x6900</value>
         <object_component_ref idref="oc-86"/>
      </symbol>
      <symbol id="sm-261">
         <name>_SpiaRegs</name>
         <value>0x7040</value>
         <object_component_ref idref="oc-75"/>
      </symbol>
      <symbol id="sm-262">
         <name>_ECanaMOTSRegs</name>
         <value>0x6080</value>
         <object_component_ref idref="oc-8f"/>
      </symbol>
      <symbol id="sm-263">
         <name>_ECap6Regs</name>
         <value>0x6aa0</value>
         <object_component_ref idref="oc-7f"/>
      </symbol>
      <symbol id="sm-264">
         <name>_DmaRegs</name>
         <value>0x1000</value>
         <object_component_ref idref="oc-97"/>
      </symbol>
      <symbol id="sm-265">
         <name>_FlashRegs</name>
         <value>0xa80</value>
         <object_component_ref idref="oc-6e"/>
      </symbol>
      <symbol id="sm-266">
         <name>_CpuTimer0Regs</name>
         <value>0xc00</value>
         <object_component_ref idref="oc-6a"/>
      </symbol>
      <symbol id="sm-267">
         <name>_DevEmuRegs</name>
         <value>0x880</value>
         <object_component_ref idref="oc-96"/>
      </symbol>
      <symbol id="sm-268">
         <name>_McbspbRegs</name>
         <value>0x5040</value>
         <object_component_ref idref="oc-8a"/>
      </symbol>
      <symbol id="sm-269">
         <name>_EPwm6Regs</name>
         <value>0x6940</value>
         <object_component_ref idref="oc-87"/>
      </symbol>
      <symbol id="sm-26a">
         <name>_SciaRegs</name>
         <value>0x7050</value>
         <object_component_ref idref="oc-72"/>
      </symbol>
      <symbol id="sm-26b">
         <name>_GpioDataRegs</name>
         <value>0x6fc0</value>
         <object_component_ref idref="oc-80"/>
      </symbol>
      <symbol id="sm-26c">
         <name>_CsmPwl</name>
         <value>0x33fff8</value>
         <object_component_ref idref="oc-6d"/>
      </symbol>
      <symbol id="sm-26d">
         <name>_AdcRegs</name>
         <value>0x7100</value>
         <object_component_ref idref="oc-78"/>
      </symbol>
      <symbol id="sm-26e">
         <name>_XIntruptRegs</name>
         <value>0x7070</value>
         <object_component_ref idref="oc-76"/>
      </symbol>
      <symbol id="sm-26f">
         <name>_CpuTimer2Regs</name>
         <value>0xc10</value>
         <object_component_ref idref="oc-6c"/>
      </symbol>
      <symbol id="sm-270">
         <name>_PieCtrlRegs</name>
         <value>0xce0</value>
         <object_component_ref idref="oc-77"/>
      </symbol>
      <symbol id="sm-271">
         <name>_ECanbMOTSRegs</name>
         <value>0x6280</value>
         <object_component_ref idref="oc-92"/>
      </symbol>
      <symbol id="sm-272">
         <name>_ECanaRegs</name>
         <value>0x6000</value>
         <object_component_ref idref="oc-8c"/>
      </symbol>
      <symbol id="sm-273">
         <name>_AdcMirror</name>
         <value>0xb00</value>
         <object_component_ref idref="oc-70"/>
      </symbol>
      <symbol id="sm-274">
         <name>_ECanbMboxes</name>
         <value>0x6300</value>
         <object_component_ref idref="oc-99"/>
      </symbol>
      <symbol id="sm-275">
         <name>_XintfRegs</name>
         <value>0xb20</value>
         <object_component_ref idref="oc-79"/>
      </symbol>
      <symbol id="sm-276">
         <name>_ScicRegs</name>
         <value>0x7770</value>
         <object_component_ref idref="oc-74"/>
      </symbol>
      <symbol id="sm-277">
         <name>_ECap1Regs</name>
         <value>0x6a00</value>
         <object_component_ref idref="oc-7a"/>
      </symbol>
      <symbol id="sm-278">
         <name>_EQep1Regs</name>
         <value>0x6b00</value>
         <object_component_ref idref="oc-94"/>
      </symbol>
      <symbol id="sm-279">
         <name>_McbspaRegs</name>
         <value>0x5000</value>
         <object_component_ref idref="oc-89"/>
      </symbol>
      <symbol id="sm-27a">
         <name>_EPwm1Regs</name>
         <value>0x6800</value>
         <object_component_ref idref="oc-82"/>
      </symbol>
      <symbol id="sm-27b">
         <name>_ECanbRegs</name>
         <value>0x6200</value>
         <object_component_ref idref="oc-8d"/>
      </symbol>
      <symbol id="sm-27c">
         <name>_ScibRegs</name>
         <value>0x7750</value>
         <object_component_ref idref="oc-73"/>
      </symbol>
      <symbol id="sm-27d">
         <name>_ECap2Regs</name>
         <value>0x6a20</value>
         <object_component_ref idref="oc-7b"/>
      </symbol>
      <symbol id="sm-27e">
         <name>_GpioIntRegs</name>
         <value>0x6fe0</value>
         <object_component_ref idref="oc-6f"/>
      </symbol>
      <symbol id="sm-27f">
         <name>_EQep2Regs</name>
         <value>0x6b40</value>
         <object_component_ref idref="oc-95"/>
      </symbol>
      <symbol id="sm-280">
         <name>_PartIdRegs</name>
         <value>0x380090</value>
         <object_component_ref idref="oc-69"/>
      </symbol>
      <symbol id="sm-281">
         <name>_EPwm2Regs</name>
         <value>0x6840</value>
         <object_component_ref idref="oc-83"/>
      </symbol>
      <symbol id="sm-282">
         <name>_ECanaMboxes</name>
         <value>0x6100</value>
         <object_component_ref idref="oc-98"/>
      </symbol>
      <symbol id="sm-283">
         <name>_ECap3Regs</name>
         <value>0x6a40</value>
         <object_component_ref idref="oc-7c"/>
      </symbol>
      <symbol id="sm-284">
         <name>_ECanaMOTORegs</name>
         <value>0x60c0</value>
         <object_component_ref idref="oc-90"/>
      </symbol>
      <symbol id="sm-285">
         <name>_EPwm3Regs</name>
         <value>0x6880</value>
         <object_component_ref idref="oc-84"/>
      </symbol>
      <symbol id="sm-286">
         <name>_ECanbLAMRegs</name>
         <value>0x6240</value>
         <object_component_ref idref="oc-91"/>
      </symbol>
      <symbol id="sm-287">
         <name>_I2caRegs</name>
         <value>0x7900</value>
         <object_component_ref idref="oc-88"/>
      </symbol>
      <symbol id="sm-2ae">
         <name>_InitPll</name>
         <value>0x948a</value>
         <object_component_ref idref="oc-ee"/>
      </symbol>
      <symbol id="sm-2b0">
         <name>_DisableDog</name>
         <value>0x9482</value>
         <object_component_ref idref="oc-ee"/>
      </symbol>
      <symbol id="sm-2b2">
         <name>_InitPeripheralClocks</name>
         <value>0x94da</value>
         <object_component_ref idref="oc-ee"/>
      </symbol>
      <symbol id="sm-2b4">
         <name>_CsmUnlock</name>
         <value>0x9535</value>
         <object_component_ref idref="oc-ee"/>
      </symbol>
      <symbol id="sm-2b6">
         <name>_ServiceDog</name>
         <value>0x9478</value>
         <object_component_ref idref="oc-ee"/>
      </symbol>
      <symbol id="sm-2b8">
         <name>_InitSysCtrl</name>
         <value>0x946f</value>
         <object_component_ref idref="oc-ee"/>
      </symbol>
      <symbol id="sm-2c5">
         <name>_DSP28x_usDelay</name>
         <value>0x801a</value>
         <object_component_ref idref="oc-ab"/>
      </symbol>
      <symbol id="sm-2df">
         <name>_main</name>
         <value>0x9316</value>
         <object_component_ref idref="oc-e8"/>
      </symbol>
      <symbol id="sm-2e1">
         <name>_update_compare</name>
         <value>0x9402</value>
         <object_component_ref idref="oc-e8"/>
      </symbol>
      <symbol id="sm-2e3">
         <name>_InitEPwm2Example</name>
         <value>0x9379</value>
         <object_component_ref idref="oc-e8"/>
      </symbol>
      <symbol id="sm-2e5">
         <name>_epwm2_isr</name>
         <value>0x9665</value>
         <object_component_ref idref="oc-b2"/>
      </symbol>
      <symbol id="sm-2e7">
         <name>_InitEPwm3Example</name>
         <value>0x93c3</value>
         <object_component_ref idref="oc-e8"/>
      </symbol>
      <symbol id="sm-2e9">
         <name>_epwm3_isr</name>
         <value>0x969c</value>
         <object_component_ref idref="oc-b2"/>
      </symbol>
      <symbol id="sm-2eb">
         <name>_epwm1_isr</name>
         <value>0x962e</value>
         <object_component_ref idref="oc-b2"/>
      </symbol>
      <symbol id="sm-2ed">
         <name>_epwm1_info</name>
         <value>0xc000</value>
         <object_component_ref idref="oc-b1"/>
      </symbol>
      <symbol id="sm-2ee">
         <name>_epwm2_info</name>
         <value>0xc00a</value>
         <object_component_ref idref="oc-b1"/>
      </symbol>
      <symbol id="sm-2ef">
         <name>_epwm3_info</name>
         <value>0xc014</value>
         <object_component_ref idref="oc-b1"/>
      </symbol>
      <symbol id="sm-2f0">
         <name>_InitEPwm1Example</name>
         <value>0x932e</value>
         <object_component_ref idref="oc-e8"/>
      </symbol>
      <symbol id="sm-2fd">
         <name>_InitEPwm1Simple</name>
         <value>0x9729</value>
         <object_component_ref idref="oc-f0"/>
      </symbol>
      <symbol id="sm-2ff">
         <name>_InitEPwm6Simple</name>
         <value>0x973f</value>
         <object_component_ref idref="oc-f0"/>
      </symbol>
      <symbol id="sm-31b">
         <name>_c_int00</name>
         <value>0x96d3</value>
         <object_component_ref idref="oc-bc"/>
      </symbol>
      <symbol id="sm-31c">
         <name>__stack</name>
         <value>0x400</value>
         <object_component_ref idref="oc-bd"/>
      </symbol>
      <symbol id="sm-32b">
         <name>__args_main</name>
         <value>0x97c2</value>
         <object_component_ref idref="oc-ec"/>
      </symbol>
      <symbol id="sm-339">
         <name>__system_post_cinit</name>
         <value>0x97e7</value>
         <object_component_ref idref="oc-eb"/>
      </symbol>
      <symbol id="sm-346">
         <name>__system_pre_init</name>
         <value>0x97e5</value>
         <object_component_ref idref="oc-e9"/>
      </symbol>
      <symbol id="sm-356">
         <name>_copy_in</name>
         <value>0x977e</value>
         <object_component_ref idref="oc-ea"/>
      </symbol>
      <symbol id="sm-36b">
         <name>C$$EXIT</name>
         <value>0x9755</value>
         <object_component_ref idref="oc-ed"/>
      </symbol>
      <symbol id="sm-36c">
         <name>_exit</name>
         <value>0x9757</value>
         <object_component_ref idref="oc-ed"/>
      </symbol>
      <symbol id="sm-36e">
         <name>___TI_cleanup_ptr</name>
         <value>0xc038</value>
         <object_component_ref idref="oc-d9"/>
      </symbol>
      <symbol id="sm-36f">
         <name>___TI_enable_exit_profile_output</name>
         <value>0xc036</value>
         <object_component_ref idref="oc-d9"/>
      </symbol>
      <symbol id="sm-370">
         <name>_abort</name>
         <value>0x9755</value>
         <object_component_ref idref="oc-ed"/>
      </symbol>
      <symbol id="sm-372">
         <name>___TI_dtors_ptr</name>
         <value>0xc03a</value>
         <object_component_ref idref="oc-d9"/>
      </symbol>
      <symbol id="sm-386">
         <name>__unlock</name>
         <value>0xc03e</value>
         <object_component_ref idref="oc-f6"/>
      </symbol>
      <symbol id="sm-387">
         <name>__lock</name>
         <value>0xc03c</value>
         <object_component_ref idref="oc-f2"/>
      </symbol>
      <symbol id="sm-388">
         <name>__register_lock</name>
         <value>0x97d8</value>
         <object_component_ref idref="oc-f4"/>
      </symbol>
      <symbol id="sm-38a">
         <name>__nop</name>
         <value>0x97dc</value>
         <object_component_ref idref="oc-f4"/>
      </symbol>
      <symbol id="sm-38c">
         <name>__register_unlock</name>
         <value>0x97d4</value>
         <object_component_ref idref="oc-f4"/>
      </symbol>
      <symbol id="sm-39e">
         <name>_memcpy</name>
         <value>0x97a2</value>
         <object_component_ref idref="oc-f1"/>
      </symbol>
   </symbol_table>
   <title>Link successful</title>
</link_info>
